Archive member included to satisfy reference by file (symbol)

/usr/local/lpcxpresso_8.2.2_650/lpcxpresso/tools/bin/../lib/gcc/arm-none-eabi/5.4.1/../../../../arm-none-eabi/lib/armv7-m/libcr_c.a(__weak__main.o)
                              ./src/cr_startup_lpc175x_6x.o (__main)

Discarded input sections

 .group         0x00000000        0x8 ./src/KitInfo2FW_RGB.o
 .group         0x00000000        0x8 ./src/KitInfo2FW_RGB.o
 .group         0x00000000        0x8 ./src/KitInfo2FW_RGB.o
 .group         0x00000000        0x8 ./src/KitInfo2FW_RGB.o
 .group         0x00000000        0x8 ./src/KitInfo2FW_RGB.o
 .group         0x00000000        0x8 ./src/KitInfo2FW_RGB.o
 .group         0x00000000        0x8 ./src/KitInfo2FW_RGB.o
 .group         0x00000000        0x8 ./src/KitInfo2FW_RGB.o
 .group         0x00000000        0x8 ./src/KitInfo2FW_RGB.o
 .group         0x00000000        0x8 ./src/KitInfo2FW_RGB.o
 .text          0x00000000        0x0 ./src/KitInfo2FW_RGB.o
 .data          0x00000000        0x0 ./src/KitInfo2FW_RGB.o
 .bss           0x00000000        0x0 ./src/KitInfo2FW_RGB.o
 .group         0x00000000        0x8 ./src/KitInfo2PR_RGB.o
 .group         0x00000000        0x8 ./src/KitInfo2PR_RGB.o
 .group         0x00000000        0x8 ./src/KitInfo2PR_RGB.o
 .group         0x00000000        0x8 ./src/KitInfo2PR_RGB.o
 .group         0x00000000        0x8 ./src/KitInfo2PR_RGB.o
 .group         0x00000000        0x8 ./src/KitInfo2PR_RGB.o
 .text          0x00000000        0x0 ./src/KitInfo2PR_RGB.o
 .data          0x00000000        0x0 ./src/KitInfo2PR_RGB.o
 .bss           0x00000000        0x0 ./src/KitInfo2PR_RGB.o
 .debug_macro   0x00000000      0x886 ./src/KitInfo2PR_RGB.o
 .debug_macro   0x00000000       0x10 ./src/KitInfo2PR_RGB.o
 .debug_macro   0x00000000      0x12d ./src/KitInfo2PR_RGB.o
 .debug_macro   0x00000000      0x5b2 ./src/KitInfo2PR_RGB.o
 .debug_macro   0x00000000       0x5d ./src/KitInfo2PR_RGB.o
 .debug_macro   0x00000000       0x16 ./src/KitInfo2PR_RGB.o
 .group         0x00000000        0x8 ./src/cr_startup_lpc175x_6x.o
 .text          0x00000000        0x0 ./src/cr_startup_lpc175x_6x.o
 .data          0x00000000        0x0 ./src/cr_startup_lpc175x_6x.o
 .bss           0x00000000        0x0 ./src/cr_startup_lpc175x_6x.o
 .debug_macro   0x00000000      0x886 ./src/cr_startup_lpc175x_6x.o
 .group         0x00000000        0x8 ./src/crp.o
 .group         0x00000000        0x8 ./src/crp.o
 .text          0x00000000        0x0 ./src/crp.o
 .data          0x00000000        0x0 ./src/crp.o
 .bss           0x00000000        0x0 ./src/crp.o
 .debug_macro   0x00000000      0x886 ./src/crp.o
 .group         0x00000000        0x8 ./src/main.o
 .group         0x00000000        0x8 ./src/main.o
 .group         0x00000000        0x8 ./src/main.o
 .group         0x00000000        0x8 ./src/main.o
 .group         0x00000000        0x8 ./src/main.o
 .group         0x00000000        0x8 ./src/main.o
 .group         0x00000000        0x8 ./src/main.o
 .group         0x00000000        0x8 ./src/main.o
 .text          0x00000000        0x0 ./src/main.o
 .data          0x00000000        0x0 ./src/main.o
 .bss           0x00000000        0x0 ./src/main.o
 .data.msTicks  0x00000000        0x4 ./src/main.o
 .debug_macro   0x00000000      0x886 ./src/main.o
 .debug_macro   0x00000000       0x10 ./src/main.o
 .debug_macro   0x00000000      0x12d ./src/main.o
 .debug_macro   0x00000000      0x5b2 ./src/main.o
 .debug_macro   0x00000000       0x5d ./src/main.o
 .debug_macro   0x00000000       0x16 ./src/main.o
 .text          0x00000000        0x0 /usr/local/lpcxpresso_8.2.2_650/lpcxpresso/tools/bin/../lib/gcc/arm-none-eabi/5.4.1/../../../../arm-none-eabi/lib/armv7-m/libcr_c.a(__weak__main.o)
 .data          0x00000000        0x0 /usr/local/lpcxpresso_8.2.2_650/lpcxpresso/tools/bin/../lib/gcc/arm-none-eabi/5.4.1/../../../../arm-none-eabi/lib/armv7-m/libcr_c.a(__weak__main.o)
 .bss           0x00000000        0x0 /usr/local/lpcxpresso_8.2.2_650/lpcxpresso/tools/bin/../lib/gcc/arm-none-eabi/5.4.1/../../../../arm-none-eabi/lib/armv7-m/libcr_c.a(__weak__main.o)

Memory Configuration

Name             Origin             Length             Attributes
MFlash512        0x00000000         0x00080000         xr
RamLoc32         0x10000000         0x00008000         xrw
RamAHB32         0x2007c000         0x00008000         xrw
*default*        0x00000000         0xffffffff

Linker script and memory map

LOAD ./src/KitInfo2FW_RGB.o
LOAD ./src/KitInfo2PR_RGB.o
LOAD ./src/cr_startup_lpc175x_6x.o
LOAD ./src/crp.o
LOAD ./src/main.o
START GROUP
LOAD /usr/local/lpcxpresso_8.2.2_650/lpcxpresso/tools/bin/../lib/gcc/arm-none-eabi/5.4.1/../../../../arm-none-eabi/lib/armv7-m/libcr_c.a
LOAD /usr/local/lpcxpresso_8.2.2_650/lpcxpresso/tools/bin/../lib/gcc/arm-none-eabi/5.4.1/armv7-m/libcr_eabihelpers.a
END GROUP
                0x00000000                __base_MFlash512 = 0x0
                0x00000000                __base_Flash = 0x0
                0x00080000                __top_MFlash512 = 0x80000
                0x00080000                __top_Flash = 0x80000
                0x10000000                __base_RamLoc32 = 0x10000000
                0x10000000                __base_RAM = 0x10000000
                0x10008000                __top_RamLoc32 = 0x10008000
                0x10008000                __top_RAM = 0x10008000
                0x2007c000                __base_RamAHB32 = 0x2007c000
                0x2007c000                __base_RAM2 = 0x2007c000
                0x20084000                __top_RamAHB32 = 0x20084000
                0x20084000                __top_RAM2 = 0x20084000

.text           0x00000000      0x648
 FILL mask 0xff
                0x00000000                __vectors_start__ = ABSOLUTE (.)
 *(.isr_vector)
 .isr_vector    0x00000000       0xcc ./src/cr_startup_lpc175x_6x.o
                0x00000000                g_pfnVectors
                0x000000cc                . = ALIGN (0x4)
                0x000000cc                __section_table_start = .
                0x000000cc                __data_section_table = .
                0x000000cc        0x4 LONG 0x648 LOADADDR (.data)
                0x000000d0        0x4 LONG 0x10000000 ADDR (.data)
                0x000000d4        0x4 LONG 0x4 SIZEOF (.data)
                0x000000d8        0x4 LONG 0x648 LOADADDR (.data_RAM2)
                0x000000dc        0x4 LONG 0x2007c000 ADDR (.data_RAM2)
                0x000000e0        0x4 LONG 0x0 SIZEOF (.data_RAM2)
                0x000000e4                __data_section_table_end = .
                0x000000e4                __bss_section_table = .
                0x000000e4        0x4 LONG 0x10000004 ADDR (.bss)
                0x000000e8        0x4 LONG 0x4 SIZEOF (.bss)
                0x000000ec        0x4 LONG 0x2007c000 ADDR (.bss_RAM2)
                0x000000f0        0x4 LONG 0x0 SIZEOF (.bss_RAM2)
                0x000000f4                __bss_section_table_end = .
                0x000000f4                __section_table_end = .
 *(.after_vectors*)
 .after_vectors
                0x000000f4      0x140 ./src/cr_startup_lpc175x_6x.o
                0x000000f4                data_init
                0x00000138                bss_init
                0x00000170                ResetISR
                0x000001e4                NMI_Handler
                0x000001ec                HardFault_Handler
                0x000001f4                MemManage_Handler
                0x000001fc                BusFault_Handler
                0x00000204                UsageFault_Handler
                0x0000020c                SVC_Handler
                0x00000214                DebugMon_Handler
                0x0000021c                PendSV_Handler
                0x00000224                SysTick_Handler
                0x0000022c                TIMER2_IRQHandler
                0x0000022c                RIT_IRQHandler
                0x0000022c                I2C0_IRQHandler
                0x0000022c                USBActivity_IRQHandler
                0x0000022c                PWM1_IRQHandler
                0x0000022c                I2C1_IRQHandler
                0x0000022c                EINT2_IRQHandler
                0x0000022c                UART1_IRQHandler
                0x0000022c                EINT3_IRQHandler
                0x0000022c                CANActivity_IRQHandler
                0x0000022c                TIMER3_IRQHandler
                0x0000022c                UART0_IRQHandler
                0x0000022c                IntDefaultHandler
                0x0000022c                PLL0_IRQHandler
                0x0000022c                CAN_IRQHandler
                0x0000022c                PLL1_IRQHandler
                0x0000022c                SSP0_IRQHandler
                0x0000022c                I2S_IRQHandler
                0x0000022c                I2C2_IRQHandler
                0x0000022c                RTC_IRQHandler
                0x0000022c                TIMER0_IRQHandler
                0x0000022c                SPI_IRQHandler
                0x0000022c                EINT1_IRQHandler
                0x0000022c                TIMER1_IRQHandler
                0x0000022c                UART2_IRQHandler
                0x0000022c                ADC_IRQHandler
                0x0000022c                SSP1_IRQHandler
                0x0000022c                USB_IRQHandler
                0x0000022c                BOD_IRQHandler
                0x0000022c                WDT_IRQHandler
                0x0000022c                QEI_IRQHandler
                0x0000022c                EINT0_IRQHandler
                0x0000022c                DMA_IRQHandler
                0x0000022c                UART3_IRQHandler
                0x0000022c                MCPWM_IRQHandler
                0x0000022c                ENET_IRQHandler
                0x000002fc                . = 0x2fc
 *fill*         0x00000234       0xc8 ff
                0x000002fc                PROVIDE (__CRP_WORD_START__, .)
 *(.crp)
 .crp           0x000002fc        0x4 ./src/crp.o
                0x000002fc                CRP_WORD
                0x00000300                PROVIDE (__CRP_WORD_END__, .)
                0x00000001                ASSERT (! ((__CRP_WORD_START__ == __CRP_WORD_END__)), Linker CRP Enabled, but no CRP_WORD provided within application)
 *(.text*)
 .text.Inic_LedRGB
                0x00000300      0x150 ./src/KitInfo2FW_RGB.o
                0x00000300                Inic_LedRGB
 .text.Actualizar
                0x00000450       0x48 ./src/KitInfo2FW_RGB.o
                0x00000450                Actualizar
 .text.LedRGB_Color
                0x00000498       0x50 ./src/KitInfo2PR_RGB.o
                0x00000498                LedRGB_Color
 .text.main     0x000004e8      0x15c ./src/main.o
                0x000004e8                main
 .text.__weak_main
                0x00000644        0x4 /usr/local/lpcxpresso_8.2.2_650/lpcxpresso/tools/bin/../lib/gcc/arm-none-eabi/5.4.1/../../../../arm-none-eabi/lib/armv7-m/libcr_c.a(__weak__main.o)
                0x00000644                __main
                0x00000644                __weak_main
 *(.rodata .rodata.* .constdata .constdata.*)
                0x00000648                . = ALIGN (0x4)

.glue_7         0x00000648        0x0
 .glue_7        0x00000648        0x0 linker stubs

.glue_7t        0x00000648        0x0
 .glue_7t       0x00000648        0x0 linker stubs

.vfp11_veneer   0x00000648        0x0
 .vfp11_veneer  0x00000648        0x0 linker stubs

.v4_bx          0x00000648        0x0
 .v4_bx         0x00000648        0x0 linker stubs

.iplt           0x00000648        0x0
 .iplt          0x00000648        0x0 ./src/KitInfo2FW_RGB.o

.rel.dyn        0x00000648        0x0
 .rel.iplt      0x00000648        0x0 ./src/KitInfo2FW_RGB.o

.ARM.extab
 *(.ARM.extab* .gnu.linkonce.armextab.*)
                0x00000648                __exidx_start = .

.ARM.exidx
 *(.ARM.exidx* .gnu.linkonce.armexidx.*)
                0x00000648                __exidx_end = .
                0x00000648                _etext = .

.data_RAM2      0x2007c000        0x0 load address 0x00000648
 FILL mask 0xff
                [!provide]                PROVIDE (__start_data_RAM2, .)
 *(.ramfunc.$RAM2)
 *(.ramfunc.$RamAHB32)
 *(.data.$RAM2*)
 *(.data.$RamAHB32*)
                0x2007c000                . = ALIGN (0x4)
                [!provide]                PROVIDE (__end_data_RAM2, .)

.uninit_RESERVED
                0x10000000        0x0
 *(.bss.$RESERVED*)
                0x10000000                . = ALIGN (0x4)
                0x10000000                _end_uninit_RESERVED = .

.data           0x10000000        0x4 load address 0x00000648
 FILL mask 0xff
                0x10000000                _data = .
 *(vtable)
 *(.ramfunc*)
 *(.data*)
 .data.f_avanzosec
                0x10000000        0x4 ./src/main.o
                0x10000000                f_avanzosec
                0x10000004                . = ALIGN (0x4)
                0x10000004                _edata = .

.igot.plt       0x10000004        0x0 load address 0x0000064c
 .igot.plt      0x10000004        0x0 ./src/KitInfo2FW_RGB.o

.bss_RAM2       0x2007c000        0x0
                [!provide]                PROVIDE (__start_bss_RAM2, .)
 *(.bss.$RAM2*)
 *(.bss.$RamAHB32*)
                0x2007c000                . = ALIGN ((. != 0x0)?0x4:0x1)
                [!provide]                PROVIDE (__end_bss_RAM2, .)

.bss            0x10000004        0x4
                0x10000004                _bss = .
 *(.bss*)
 .bss.duty_rojo
                0x10000004        0x1 ./src/KitInfo2FW_RGB.o
                0x10000004                duty_rojo
 .bss.duty_verde
                0x10000005        0x1 ./src/KitInfo2FW_RGB.o
                0x10000005                duty_verde
 .bss.duty_azul
                0x10000006        0x1 ./src/KitInfo2FW_RGB.o
                0x10000006                duty_azul
 *(COMMON)
                0x10000008                . = ALIGN (0x4)
 *fill*         0x10000007        0x1 
                0x10000008                _ebss = .
                [!provide]                PROVIDE (end, .)

.noinit_RAM2    0x2007c000        0x0
 *(.noinit.$RAM2*)
 *(.noinit.$RamAHB32*)
                0x2007c000                . = ALIGN (0x4)

.noinit         0x10000008        0x0
                0x10000008                _noinit = .
 *(.noinit*)
                0x10000008                . = ALIGN (0x4)
                0x10000008                _end_noinit = .
                [!provide]                PROVIDE (_pvHeapStart, DEFINED (__user_heap_base)?__user_heap_base:.)
                0x10008000                PROVIDE (_vStackTop, DEFINED (__user_stack_top)?__user_stack_top:(__top_RamLoc32 - 0x0))
                0xefff74c6                PROVIDE (__valid_user_code_checksum, (0x0 - ((((((_vStackTop + (ResetISR + 0x1)) + (NMI_Handler + 0x1)) + (HardFault_Handler + 0x1)) + (DEFINED (MemManage_Handler)?MemManage_Handler:0x0 + 0x1)) + (DEFINED (BusFault_Handler)?BusFault_Handler:0x0 + 0x1)) + (DEFINED (UsageFault_Handler)?UsageFault_Handler:0x0 + 0x1))))
OUTPUT(PWM_RGB.axf elf32-littlearm)

.debug_info     0x00000000      0xd0f
 .debug_info    0x00000000      0x84b ./src/KitInfo2FW_RGB.o
 .debug_info    0x0000084b       0xff ./src/KitInfo2PR_RGB.o
 .debug_info    0x0000094a      0x253 ./src/cr_startup_lpc175x_6x.o
 .debug_info    0x00000b9d       0x3f ./src/crp.o
 .debug_info    0x00000bdc      0x133 ./src/main.o

.debug_abbrev   0x00000000      0x357
 .debug_abbrev  0x00000000      0x10b ./src/KitInfo2FW_RGB.o
 .debug_abbrev  0x0000010b       0x8c ./src/KitInfo2PR_RGB.o
 .debug_abbrev  0x00000197       0xf5 ./src/cr_startup_lpc175x_6x.o
 .debug_abbrev  0x0000028c       0x36 ./src/crp.o
 .debug_abbrev  0x000002c2       0x95 ./src/main.o

.debug_aranges  0x00000000      0x100
 .debug_aranges
                0x00000000       0x28 ./src/KitInfo2FW_RGB.o
 .debug_aranges
                0x00000028       0x20 ./src/KitInfo2PR_RGB.o
 .debug_aranges
                0x00000048       0x80 ./src/cr_startup_lpc175x_6x.o
 .debug_aranges
                0x000000c8       0x18 ./src/crp.o
 .debug_aranges
                0x000000e0       0x20 ./src/main.o

.debug_ranges   0x00000000       0xa8
 .debug_ranges  0x00000000       0x18 ./src/KitInfo2FW_RGB.o
 .debug_ranges  0x00000018       0x10 ./src/KitInfo2PR_RGB.o
 .debug_ranges  0x00000028       0x70 ./src/cr_startup_lpc175x_6x.o
 .debug_ranges  0x00000098       0x10 ./src/main.o

.debug_macro    0x00000000     0x2a3e
 .debug_macro   0x00000000       0x84 ./src/KitInfo2FW_RGB.o
 .debug_macro   0x00000084      0x886 ./src/KitInfo2FW_RGB.o
 .debug_macro   0x0000090a       0x10 ./src/KitInfo2FW_RGB.o
 .debug_macro   0x0000091a      0x12d ./src/KitInfo2FW_RGB.o
 .debug_macro   0x00000a47      0x5b2 ./src/KitInfo2FW_RGB.o
 .debug_macro   0x00000ff9       0x5d ./src/KitInfo2FW_RGB.o
 .debug_macro   0x00001056       0x16 ./src/KitInfo2FW_RGB.o
 .debug_macro   0x0000106c       0x16 ./src/KitInfo2FW_RGB.o
 .debug_macro   0x00001082       0x8e ./src/KitInfo2FW_RGB.o
 .debug_macro   0x00001110      0x1f6 ./src/KitInfo2FW_RGB.o
 .debug_macro   0x00001306     0x1575 ./src/KitInfo2FW_RGB.o
 .debug_macro   0x0000287b       0x5a ./src/KitInfo2PR_RGB.o
 .debug_macro   0x000028d5       0x1d ./src/cr_startup_lpc175x_6x.o
 .debug_macro   0x000028f2       0x1a ./src/crp.o
 .debug_macro   0x0000290c       0x34 ./src/crp.o
 .debug_macro   0x00002940       0x6c ./src/main.o
 .debug_macro   0x000029ac       0x82 ./src/main.o
 .debug_macro   0x00002a2e       0x10 ./src/main.o

.debug_line     0x00000000      0x6df
 .debug_line    0x00000000      0x1fc ./src/KitInfo2FW_RGB.o
 .debug_line    0x000001fc      0x181 ./src/KitInfo2PR_RGB.o
 .debug_line    0x0000037d       0xd4 ./src/cr_startup_lpc175x_6x.o
 .debug_line    0x00000451       0x7c ./src/crp.o
 .debug_line    0x000004cd      0x212 ./src/main.o

.debug_str      0x00000000     0xb2f2
 .debug_str     0x00000000     0xab54 ./src/KitInfo2FW_RGB.o
                               0xad52 (size before relaxing)
 .debug_str     0x0000ab54       0x4f ./src/KitInfo2PR_RGB.o
                               0x3e85 (size before relaxing)
 .debug_str     0x0000aba3      0x1c2 ./src/cr_startup_lpc175x_6x.o
                               0x269f (size before relaxing)
 .debug_str     0x0000ad65       0xe9 ./src/crp.o
                               0x25b7 (size before relaxing)
 .debug_str     0x0000ae4e      0x4a4 ./src/main.o
                               0x42e4 (size before relaxing)

.comment        0x00000000       0xdc
 .comment       0x00000000       0x6e ./src/KitInfo2FW_RGB.o
                                 0x6f (size before relaxing)
 .comment       0x0000006e       0x6f ./src/KitInfo2PR_RGB.o
 .comment       0x0000006e       0x6f ./src/cr_startup_lpc175x_6x.o
 .comment       0x0000006e       0x6f ./src/crp.o
 .comment       0x0000006e       0x6f ./src/main.o
 .comment       0x0000006e       0x6e /usr/local/lpcxpresso_8.2.2_650/lpcxpresso/tools/bin/../lib/gcc/arm-none-eabi/5.4.1/../../../../arm-none-eabi/lib/armv7-m/libcr_c.a(__weak__main.o)
                                 0x6f (size before relaxing)

.ARM.attributes
                0x00000000       0x33
 .ARM.attributes
                0x00000000       0x33 ./src/KitInfo2FW_RGB.o
 .ARM.attributes
                0x00000033       0x33 ./src/KitInfo2PR_RGB.o
 .ARM.attributes
                0x00000066       0x33 ./src/cr_startup_lpc175x_6x.o
 .ARM.attributes
                0x00000099       0x33 ./src/crp.o
 .ARM.attributes
                0x000000cc       0x33 ./src/main.o
 .ARM.attributes
                0x000000ff       0x33 /usr/local/lpcxpresso_8.2.2_650/lpcxpresso/tools/bin/../lib/gcc/arm-none-eabi/5.4.1/../../../../arm-none-eabi/lib/armv7-m/libcr_c.a(__weak__main.o)

.debug_frame    0x00000000      0x22c
 .debug_frame   0x00000000       0x58 ./src/KitInfo2FW_RGB.o
 .debug_frame   0x00000058       0x34 ./src/KitInfo2PR_RGB.o
 .debug_frame   0x0000008c      0x170 ./src/cr_startup_lpc175x_6x.o
 .debug_frame   0x000001fc       0x30 ./src/main.o
