01:59:57 **** Incremental Build of configuration Debug for project BB8 ****
make -r all 
Building file: ../src/Primitivas/Motores/PR_ManejoMotores.c
Invoking: MCU C Compiler
arm-none-eabi-gcc -DDEBUG -D__CODE_RED -DCORE_M3 -D__LPC17XX__ -D__REDLIB__ -I"/home/seba-pc/Documentos/utn/info 2/Trabajo_practico_Final/BB8/inc/Aplicacion" -I"/home/seba-pc/Documentos/utn/info 2/Trabajo_practico_Final/BB8/inc/Drivers/Acelerometro" -I"/home/seba-pc/Documentos/utn/info 2/Trabajo_practico_Final/BB8/inc/Drivers/Bluetooth" -I"/home/seba-pc/Documentos/utn/info 2/Trabajo_practico_Final/BB8/inc/Drivers/Kit" -I"/home/seba-pc/Documentos/utn/info 2/Trabajo_practico_Final/BB8/inc/Primitivas/Acelerometro" -I"/home/seba-pc/Documentos/utn/info 2/Trabajo_practico_Final/BB8/inc/Primitivas/Bluetooth" -I"/home/seba-pc/Documentos/utn/info 2/Trabajo_practico_Final/BB8/inc/Primitivas/Kit" -I"/home/seba-pc/Documentos/utn/info 2/Trabajo_practico_Final/BB8/inc/Primitivas/Motores" -I"/home/seba-pc/Documentos/utn/info 2/Trabajo_practico_Final/BB8/inc/Drivers/Motores" -I"/home/seba-pc/Documentos/utn/info 2/Trabajo_practico_Final/BB8/inc/Drivers" -I"/home/seba-pc/Documentos/utn/info 2/Trabajo_practico_Final/BB8/inc/Primitivas" -O0 -fno-common -g3 -Wall -c -fmessage-length=0 -fno-builtin -ffunction-sections -fdata-sections -mcpu=cortex-m3 -mthumb -specs=redlib.specs -MMD -MP -MF"src/Primitivas/Motores/PR_ManejoMotores.d" -MT"src/Primitivas/Motores/PR_ManejoMotores.o" -MT"src/Primitivas/Motores/PR_ManejoMotores.d" -o "src/Primitivas/Motores/PR_ManejoMotores.o" "../src/Primitivas/Motores/PR_ManejoMotores.c"
Finished building: ../src/Primitivas/Motores/PR_ManejoMotores.c
 
Building target: BB8.axf
Invoking: MCU Linker
arm-none-eabi-gcc -nostdlib -Xlinker -Map="BB8.map" -Xlinker --gc-sections -Xlinker -print-memory-usage -mcpu=cortex-m3 -mthumb -T "BB8_Debug.ld" -o "BB8.axf"  ./src/Primitivas/Motores/PR_ManejoMotores.o  ./src/Drivers/Motores/DR_Motores.c/DR_Init_Motores.o ./src/Drivers/Motores/DR_Motores.c/DR_Motores.o  ./src/Drivers/Kit/DR_GPIO.o ./src/Drivers/Kit/DR_KitInit.o ./src/Drivers/Kit/cr_startup_lpc175x_6x.o ./src/Drivers/Kit/crp.o ./src/Drivers/Kit/systick.o  ./src/Aplicacion/BB8.o   
Memory region         Used Size  Region Size  %age Used
       MFlash512:        2296 B       512 KB      0.44%
        RamLoc32:           4 B        32 KB      0.01%
        RamAHB32:          0 GB        32 KB      0.00%
Finished building target: BB8.axf
 
make --no-print-directory post-build
Performing post-build steps
arm-none-eabi-size "BB8.axf"; # arm-none-eabi-objcopy -v -O binary "BB8.axf" "BB8.bin" ; # checksum -p LPC1769 -d "BB8.bin";
   text	   data	    bss	    dec	    hex	filename
   2296	      0	      4	   2300	    8fc	BB8.axf
 
