10:13:22 **** Incremental Build of configuration Debug for project PWM ****
make -r all 
Building file: ../src/FW_Systick.c
Invoking: MCU C Compiler
arm-none-eabi-gcc -DDEBUG -D__CODE_RED -DCORE_M3 -D__LPC17XX__ -D__REDLIB__ -I"/home/seba-pc/Documentos/utn/info 2/Trabajo_practico_Final/PWM/inc" -O0 -fno-common -g3 -Wall -c -fmessage-length=0 -fno-builtin -ffunction-sections -fdata-sections -mcpu=cortex-m3 -mthumb -specs=redlib.specs -MMD -MP -MF"src/FW_Systick.d" -MT"src/FW_Systick.o" -MT"src/FW_Systick.d" -o "src/FW_Systick.o" "../src/FW_Systick.c"
Finished building: ../src/FW_Systick.c
 
Building file: ../src/KitInfo2FW_RGB.c
Invoking: MCU C Compiler
arm-none-eabi-gcc -DDEBUG -D__CODE_RED -DCORE_M3 -D__LPC17XX__ -D__REDLIB__ -I"/home/seba-pc/Documentos/utn/info 2/Trabajo_practico_Final/PWM/inc" -O0 -fno-common -g3 -Wall -c -fmessage-length=0 -fno-builtin -ffunction-sections -fdata-sections -mcpu=cortex-m3 -mthumb -specs=redlib.specs -MMD -MP -MF"src/KitInfo2FW_RGB.d" -MT"src/KitInfo2FW_RGB.o" -MT"src/KitInfo2FW_RGB.d" -o "src/KitInfo2FW_RGB.o" "../src/KitInfo2FW_RGB.c"
Finished building: ../src/KitInfo2FW_RGB.c
 
Building file: ../src/main.c
Invoking: MCU C Compiler
arm-none-eabi-gcc -DDEBUG -D__CODE_RED -DCORE_M3 -D__LPC17XX__ -D__REDLIB__ -I"/home/seba-pc/Documentos/utn/info 2/Trabajo_practico_Final/PWM/inc" -O0 -fno-common -g3 -Wall -c -fmessage-length=0 -fno-builtin -ffunction-sections -fdata-sections -mcpu=cortex-m3 -mthumb -specs=redlib.specs -MMD -MP -MF"src/main.d" -MT"src/main.o" -MT"src/main.d" -o "src/main.o" "../src/main.c"
../src/main.c: In function 'main':
../src/main.c:33:19: warning: unused variable 'verde' [-Wunused-variable]
  uint8_t rojo = 0,verde = 0,azul = 0, tecla = 4;
                   ^
../src/main.c:33:10: warning: unused variable 'rojo' [-Wunused-variable]
  uint8_t rojo = 0,verde = 0,azul = 0, tecla = 4;
          ^
Finished building: ../src/main.c
 
Building target: PWM.axf
Invoking: MCU Linker
arm-none-eabi-gcc -nostdlib -Xlinker -Map="PWM.map" -Xlinker --gc-sections -Xlinker -print-memory-usage -mcpu=cortex-m3 -mthumb -T "PWM_Debug.ld" -o "PWM.axf"  ./src/DR_teclado.o ./src/FW_Systick.o ./src/GPIO.o ./src/KitInfo2FW_RGB.o ./src/KitInfo2PR_RGB.o ./src/PR_teclado.o ./src/cr_startup_lpc175x_6x.o ./src/crp.o ./src/main.o   
Memory region         Used Size  Region Size  %age Used
       MFlash512:        2124 B       512 KB      0.41%
        RamLoc32:          20 B        32 KB      0.06%
        RamAHB32:          0 GB        32 KB      0.00%
Finished building target: PWM.axf
 
make --no-print-directory post-build
Performing post-build steps
arm-none-eabi-size "PWM.axf"; # arm-none-eabi-objcopy -v -O binary "PWM.axf" "PWM.bin" ; # checksum -p LPC1769 -d "PWM.bin";
   text	   data	    bss	    dec	    hex	filename
   2112	     12	      8	   2132	    854	PWM.axf
 

10:13:22 Build Finished (took 116ms)

